// Jest Snapshot v1, https://goo.gl/fbAQLP

exports[`findAllApplicationDeployments should fetch user and affiliations from GraphQL server and normalize data 1`] = `
Object {
  "data": Object {
    "applications": Object {
      "edges": Array [
        Object {
          "node": Object {
            "applicationDeployments": Array [
              Object {
                "affiliation": Object {
                  "name": "aurora",
                },
                "environment": "aurora",
                "id": "q8u9fpw8f",
                "message": "hello",
                "name": "console-next",
                "namespace": Object {
                  "name": "aurora",
                  "permission": Object {
                    "paas": Object {
                      "admin": true,
                      "view": true,
                    },
                  },
                },
                "status": Object {
                  "code": "HEALTHY",
                  "reasons": Array [],
                  "reports": Array [],
                },
                "time": "2018-09-28T11:15:03.151Z",
                "version": Object {
                  "auroraVersion": "SNAPSHOT-master-20180827.071054-2-b1.12.0-flange-8.152.18",
                  "deployTag": Object {
                    "name": "master-SNAPSHOT",
                    "type": "SNAPSHOT",
                  },
                },
              },
            ],
            "imageRepository": Object {
              "repository": "docker-registry.aurora.sits.no:5000/ske_openshift_aurora_console/openshift-console-api",
            },
            "name": "console",
          },
        },
      ],
    },
  },
  "errors": undefined,
  "name": "getApplicationDeployments",
}
`;

exports[`findUserAndAffiliations should fetch user and affiliations from GraphQL server and normalize data 1`] = `
Object {
  "data": Object {
    "affiliations": Object {
      "edges": Array [
        Object {
          "node": Object {
            "name": "aurora",
          },
        },
      ],
    },
    "currentUser": Object {
      "id": "b62927",
      "name": "Batman",
    },
  },
  "errors": undefined,
  "name": "getUserAndAffiliations",
}
`;

exports[`redeployWithCurrentVersion should redeploy with current version to GraphQL server 1`] = `
Object {
  "data": Object {
    "redeployWithCurrentVersion": true,
  },
  "errors": undefined,
  "name": "redeployWithCurrentVersion",
}
`;
