// Jest Snapshot v1, https://goo.gl/fbAQLP

exports[`findAllApplicationDeployments should fetch user and affiliations from GraphQL server and normalize data 1`] = `
Array [
  Object {
    "affiliation": "aurora",
    "environment": "aurora",
    "id": "q8u9fpw8f",
    "name": "console-next",
    "repository": "docker-registry.aurora.sits.no:5000/ske_openshift_aurora_console/openshift-console-api",
    "status": Object {
      "code": "HEALTHY",
      "comment": "OK",
    },
    "time": "2018-09-28T11:15:03.151Z",
    "version": Object {
      "auroraVersion": "SNAPSHOT-master-20180827.071054-2-b1.12.0-flange-8.152.18",
      "deployTag": Object {
        "lastModified": "",
        "name": "master-SNAPSHOT",
        "type": "SNAPSHOT",
      },
    },
  },
]
`;

exports[`findUserAndAffiliations should fetch user and affiliations from GraphQL server and normalize data 1`] = `
Object {
  "affiliations": Array [
    "aurora",
  ],
  "user": "Batman",
}
`;
