// Jest Snapshot v1, https://goo.gl/fbAQLP

exports[`findTagsPaged should fetch tags from GraphQL server and normalize data 1`] = `
Object {
  "endCursor": "MQ==",
  "hasNextPage": false,
  "tags": Array [
    Object {
      "lastModified": "2018-09-07T07:12:30.345885623Z",
      "name": "2",
    },
    Object {
      "lastModified": "2018-01-25T09:39:51.280498289Z",
      "name": "1",
    },
  ],
}
`;
