// Jest Snapshot v1, https://goo.gl/fbAQLP

exports[`getNetdebugStatus should fetch netdebug status from GraphQL server and normalize data 1`] = `
Object {
  "data": Object {
    "scan": Object {
      "failed": Object {
        "edges": Array [
          Object {
            "node": Object {
              "clusterNode": Object {
                "ip": "127.0.0.1",
              },
              "message": "Klarte ikke resolve hostnavn til ip addresse.",
              "resolvedIp": "http://localhost",
              "status": "DNS_FAILED",
            },
          },
        ],
        "totalCount": 1,
      },
      "open": Object {
        "edges": Array [],
        "totalCount": 0,
      },
      "status": "CLOSED",
    },
  },
  "errors": undefined,
  "name": "getNetdebugStatus",
}
`;

exports[`getNetdebugStatus should handle netdebug result when response is only null 1`] = `undefined`;

exports[`getNetdebugStatus should handle netdebug result when scan is null 1`] = `
Object {
  "data": Object {
    "scan": null,
  },
  "errors": undefined,
  "name": "getNetdebugStatus",
}
`;
