// Jest Snapshot v1, https://goo.gl/fbAQLP

exports[`getWebsealStates should fetch webseal states for paas from GraphQl server 1`] = `
Object {
  "data": Object {
    "affiliations": Object {
      "edges": Array [
        Object {
          "node": Object {
            "websealStates": Array [
              Object {
                "acl": Object {
                  "aclName": "os_utv_paas-mogen-utv_driftsdashboard-webseal",
                  "anyOther": true,
                  "open": false,
                  "roles": Array [],
                },
                "junctions": Array [
                  Object {
                    "activeWorkerThreads": "0",
                    "allowWindowsStyleURLs": "no",
                    "authenticationHTTPheader": "insert - iv_user iv_groups",
                    "basicAuthenticationMode": "filter",
                    "booleanRuleHeader": "no",
                    "caseInsensitiveURLs": "no",
                    "currentRequests": null,
                    "delegationSupport": "no",
                    "formsBasedSSO": "disabled",
                    "hostname": "target.utv.paas.skead.no",
                    "id": "c56eebe8-f9e6-11e7-b828-00505683611d",
                    "insertWebSEALSessionCookies": "no",
                    "insertWebSphereLTPACookies": "no",
                    "junctionHardLimit": "0 - using global value",
                    "junctionSoftLimit": "0 - using global value",
                    "localIPAddress": "",
                    "mutuallyAuthenticated": "no",
                    "operationalState": "Online",
                    "port": "80",
                    "queryContents": "unknown",
                    "queryContentsURL": "/cgi-bin/query_contents",
                    "remoteAddressHTTPHeader": "do not insert",
                    "requestEncoding": "UTF-8, URI Encoded",
                    "server1": "",
                    "serverDN": "",
                    "serverState": "running",
                    "statefulJunction": "no",
                    "tfimjunctionSSO": "no",
                    "totalRequests": null,
                    "type": "TCP",
                    "virtualHostJunctionLabel": "paas-mogen-utv_driftsdashboard-webseal",
                    "virtualHostname": "driftsdashboard-paas-mogen-utv.amutv.skead.no",
                  },
                  Object {
                    "activeWorkerThreads": "0",
                    "allowWindowsStyleURLs": "no",
                    "authenticationHTTPheader": "insert - iv_user iv_groups",
                    "basicAuthenticationMode": "filter",
                    "booleanRuleHeader": "no",
                    "caseInsensitiveURLs": "no",
                    "currentRequests": null,
                    "delegationSupport": "no",
                    "formsBasedSSO": "disabled",
                    "hostname": "target.utv.paas.skead.no",
                    "id": "c515f24a-f9e6-11e7-a434-74fe48068349",
                    "insertWebSEALSessionCookies": "no",
                    "insertWebSphereLTPACookies": "no",
                    "junctionHardLimit": "0 - using global value",
                    "junctionSoftLimit": "0 - using global value",
                    "localIPAddress": "",
                    "mutuallyAuthenticated": "no",
                    "operationalState": "Online",
                    "port": "80",
                    "queryContents": "unknown",
                    "queryContentsURL": "/cgi-bin/query_contents",
                    "remoteAddressHTTPHeader": "do not insert",
                    "requestEncoding": "UTF-8, URI Encoded",
                    "server1": "",
                    "serverDN": "",
                    "serverState": "running",
                    "statefulJunction": "no",
                    "tfimjunctionSSO": "no",
                    "totalRequests": null,
                    "type": "TCP",
                    "virtualHostJunctionLabel": "paas-mogen-utv_driftsdashboard-webseal",
                    "virtualHostname": "driftsdashboard-paas-mogen-utv.amutv.skead.no",
                  },
                ],
                "name": "driftsdashboard-paas-mogen-utv.amutv.skead.no",
                "namespace": "paas-mogen-utv",
                "routeName": "driftsdashboard-webseal",
              },
            ],
          },
        },
      ],
    },
  },
  "errors": undefined,
  "name": "getWebsealStates",
}
`;

exports[`getWebsealStates should return empty list given null from GraphQl server 1`] = `undefined`;
